// Jest Snapshot v1, https://goo.gl/fbAQLP

exports[`Link renders correctly 1`] = `
<DocumentFragment>
  <tr>
    <td>
      23-04-2020
    </td>
    <td>
      1.00 USD
    </td>
  </tr>
</DocumentFragment>
`;
