// Jest Snapshot v1, https://goo.gl/fbAQLP

exports[`Link renders correctly 1`] = `
<DocumentFragment>
  <div
    class=" mt-3 collapse undefined"
  >
    <div
      class="card card-body"
    >
      <div
        class="d-flex justify-content-center align-items-center"
      >
        <div
          class="spinner-border"
          role="status"
          style="width: 5rem; height: 5rem;"
        >
          <span
            class="sr-only"
          >
            Loading...
          </span>
        </div>
      </div>
      <div
        class="row justify-content-center"
      >
        <div
          class="col-12 col-md-8 mt-3 text-center d-flex justify-content-center"
        >
          <nav>
            <ul
              class="pagination pagination-sm"
            />
          </nav>
        </div>
      </div>
    </div>
    <div
      class="row"
    >
      <div
        class="col-12 col-md-12"
      />
    </div>
  </div>
</DocumentFragment>
`;
