// Jest Snapshot v1, https://goo.gl/fbAQLP

exports[`Link renders correctly 1`] = `
<DocumentFragment>
  <div
    class="recharts-responsive-container"
    style="width: 99%; height: 100%;"
  >
    <div
      style="position: absolute; width: 0px; height: 0px; visibility: hidden; display: none;"
    />
  </div>
</DocumentFragment>
`;
