// Jest Snapshot v1, https://goo.gl/fbAQLP

exports[`Link renders correctly 1`] = `
<DocumentFragment>
  <div
    class="d-flex justify-content-center align-items-center"
    data-testid="loading-component"
  >
    <div
      class="spinner-border"
      role="status"
      style="width: 5rem; height: 5rem;"
    >
      <span
        class="sr-only"
      >
        Loading...
      </span>
    </div>
  </div>
</DocumentFragment>
`;
