// Jest Snapshot v1, https://goo.gl/fbAQLP

exports[`Link renders correctly 1`] = `
<DocumentFragment>
  <div
    class="row"
  >
    <div
      class="col-12"
    >
      <div
        class="border my-2 py-3 px-2 bg-light text-body"
      >
        <div
          class="row justify-content-between text-center"
        >
          <div
            class="col-12 col-md-3 d-flex align-items-center font-weight-bold"
          >
            Cobre
          </div>
          <div
            class="col-12 col-md-3  d-flex align-items-center"
          >
            1.000
          </div>
          <div
            class="col-12 col-md-3 col-md-3 d-flex align-items-center"
          >
            11-04-2020
          </div>
          <div
            class="col-12 col-md-3 d-flex align-items-center"
          >
            <button
              class="btn  btn-custom"
              type="button"
            >
              Historico
            </button>
          </div>
        </div>
        <div
          class="row"
        >
          <div
            class="col-12 col-md-12"
          >
            <div
              class=" mt-3 collapse undefined"
            >
              <div
                class="card card-body"
              >
                <div
                  class="d-flex justify-content-center align-items-center"
                  data-testid="loading-component"
                >
                  <div
                    class="spinner-border"
                    role="status"
                    style="width: 5rem; height: 5rem;"
                  >
                    <span
                      class="sr-only"
                    >
                      Loading...
                    </span>
                  </div>
                </div>
                <div
                  class="row justify-content-center"
                >
                  <div
                    class="col-12 col-md-8 mt-3 text-center d-flex justify-content-center"
                  >
                    <nav>
                      <ul
                        class="pagination pagination-sm"
                        data-testid="pagination"
                      />
                    </nav>
                  </div>
                </div>
              </div>
              <div
                class="row"
              >
                <div
                  class="col-12 col-md-12"
                />
              </div>
            </div>
          </div>
        </div>
      </div>
    </div>
  </div>
</DocumentFragment>
`;
